D:/STM32WorkSpace/STM32H747_Mastering/Drivers/STM32H7xx_HAL_Driver/Src/stm32h7xx_hal_dsi.c:225:13:DSI_ConfigPacketHeader	24	static
D:/STM32WorkSpace/STM32H747_Mastering/Drivers/STM32H7xx_HAL_Driver/Src/stm32h7xx_hal_dsi.c:248:26:DSI_ShortWrite	32	static
D:/STM32WorkSpace/STM32H747_Mastering/Drivers/STM32H7xx_HAL_Driver/Src/stm32h7xx_hal_dsi.c:309:19:HAL_DSI_Init	40	static
D:/STM32WorkSpace/STM32H747_Mastering/Drivers/STM32H7xx_HAL_Driver/Src/stm32h7xx_hal_dsi.c:450:19:HAL_DSI_DeInit	32	static
D:/STM32WorkSpace/STM32H747_Mastering/Drivers/STM32H7xx_HAL_Driver/Src/stm32h7xx_hal_dsi.c:508:19:HAL_DSI_ConfigErrorMonitor	16	static
D:/STM32WorkSpace/STM32H747_Mastering/Drivers/STM32H7xx_HAL_Driver/Src/stm32h7xx_hal_dsi.c:591:13:HAL_DSI_MspInit	16	static
D:/STM32WorkSpace/STM32H747_Mastering/Drivers/STM32H7xx_HAL_Driver/Src/stm32h7xx_hal_dsi.c:606:13:HAL_DSI_MspDeInit	16	static
D:/STM32WorkSpace/STM32H747_Mastering/Drivers/STM32H7xx_HAL_Driver/Src/stm32h7xx_hal_dsi.c:821:6:HAL_DSI_IRQHandler	24	static
D:/STM32WorkSpace/STM32H747_Mastering/Drivers/STM32H7xx_HAL_Driver/Src/stm32h7xx_hal_dsi.c:943:13:HAL_DSI_TearingEffectCallback	16	static
D:/STM32WorkSpace/STM32H747_Mastering/Drivers/STM32H7xx_HAL_Driver/Src/stm32h7xx_hal_dsi.c:958:13:HAL_DSI_EndOfRefreshCallback	16	static
D:/STM32WorkSpace/STM32H747_Mastering/Drivers/STM32H7xx_HAL_Driver/Src/stm32h7xx_hal_dsi.c:973:13:HAL_DSI_ErrorCallback	16	static
D:/STM32WorkSpace/STM32H747_Mastering/Drivers/STM32H7xx_HAL_Driver/Src/stm32h7xx_hal_dsi.c:1033:19:HAL_DSI_SetGenericVCID	16	static
D:/STM32WorkSpace/STM32H747_Mastering/Drivers/STM32H7xx_HAL_Driver/Src/stm32h7xx_hal_dsi.c:1056:19:HAL_DSI_ConfigVideoMode	16	static
D:/STM32WorkSpace/STM32H747_Mastering/Drivers/STM32H7xx_HAL_Driver/Src/stm32h7xx_hal_dsi.c:1206:19:HAL_DSI_ConfigAdaptedCommandMode	16	static
D:/STM32WorkSpace/STM32H747_Mastering/Drivers/STM32H7xx_HAL_Driver/Src/stm32h7xx_hal_dsi.c:1277:19:HAL_DSI_ConfigCommand	16	static
D:/STM32WorkSpace/STM32H747_Mastering/Drivers/STM32H7xx_HAL_Driver/Src/stm32h7xx_hal_dsi.c:1340:19:HAL_DSI_ConfigFlowControl	16	static
D:/STM32WorkSpace/STM32H747_Mastering/Drivers/STM32H7xx_HAL_Driver/Src/stm32h7xx_hal_dsi.c:1366:19:HAL_DSI_ConfigPhyTimer	24	static
D:/STM32WorkSpace/STM32H747_Mastering/Drivers/STM32H7xx_HAL_Driver/Src/stm32h7xx_hal_dsi.c:1413:19:HAL_DSI_ConfigHostTimeouts	16	static
D:/STM32WorkSpace/STM32H747_Mastering/Drivers/STM32H7xx_HAL_Driver/Src/stm32h7xx_hal_dsi.c:1466:19:HAL_DSI_Start	24	static
D:/STM32WorkSpace/STM32H747_Mastering/Drivers/STM32H7xx_HAL_Driver/Src/stm32h7xx_hal_dsi.c:1489:19:HAL_DSI_Stop	24	static
D:/STM32WorkSpace/STM32H747_Mastering/Drivers/STM32H7xx_HAL_Driver/Src/stm32h7xx_hal_dsi.c:1512:19:HAL_DSI_Refresh	16	static
D:/STM32WorkSpace/STM32H747_Mastering/Drivers/STM32H7xx_HAL_Driver/Src/stm32h7xx_hal_dsi.c:1534:19:HAL_DSI_ColorMode	16	static
D:/STM32WorkSpace/STM32H747_Mastering/Drivers/STM32H7xx_HAL_Driver/Src/stm32h7xx_hal_dsi.c:1560:19:HAL_DSI_Shutdown	16	static
D:/STM32WorkSpace/STM32H747_Mastering/Drivers/STM32H7xx_HAL_Driver/Src/stm32h7xx_hal_dsi.c:1591:19:HAL_DSI_ShortWrite	40	static
D:/STM32WorkSpace/STM32H747_Mastering/Drivers/STM32H7xx_HAL_Driver/Src/stm32h7xx_hal_dsi.c:1626:19:HAL_DSI_LongWrite	56	static
D:/STM32WorkSpace/STM32H747_Mastering/Drivers/STM32H7xx_HAL_Driver/Src/stm32h7xx_hal_dsi.c:1715:19:HAL_DSI_Read	56	static
D:/STM32WorkSpace/STM32H747_Mastering/Drivers/STM32H7xx_HAL_Driver/Src/stm32h7xx_hal_dsi.c:1831:19:HAL_DSI_EnterULPMData	24	static
D:/STM32WorkSpace/STM32H747_Mastering/Drivers/STM32H7xx_HAL_Driver/Src/stm32h7xx_hal_dsi.c:1894:19:HAL_DSI_ExitULPMData	24	static
D:/STM32WorkSpace/STM32H747_Mastering/Drivers/STM32H7xx_HAL_Driver/Src/stm32h7xx_hal_dsi.c:1963:19:HAL_DSI_EnterULPM	24	static
D:/STM32WorkSpace/STM32H747_Mastering/Drivers/STM32H7xx_HAL_Driver/Src/stm32h7xx_hal_dsi.c:2035:19:HAL_DSI_ExitULPM	24	static
D:/STM32WorkSpace/STM32H747_Mastering/Drivers/STM32H7xx_HAL_Driver/Src/stm32h7xx_hal_dsi.c:2137:19:HAL_DSI_PatternGeneratorStart	24	static
D:/STM32WorkSpace/STM32H747_Mastering/Drivers/STM32H7xx_HAL_Driver/Src/stm32h7xx_hal_dsi.c:2161:19:HAL_DSI_PatternGeneratorStop	16	static
D:/STM32WorkSpace/STM32H747_Mastering/Drivers/STM32H7xx_HAL_Driver/Src/stm32h7xx_hal_dsi.c:2186:19:HAL_DSI_SetSlewRateAndDelayTuning	24	static
D:/STM32WorkSpace/STM32H747_Mastering/Drivers/STM32H7xx_HAL_Driver/Src/stm32h7xx_hal_dsi.c:2278:19:HAL_DSI_SetLowPowerRXFilter	16	static
D:/STM32WorkSpace/STM32H747_Mastering/Drivers/STM32H7xx_HAL_Driver/Src/stm32h7xx_hal_dsi.c:2301:19:HAL_DSI_SetSDD	16	static
D:/STM32WorkSpace/STM32H747_Mastering/Drivers/STM32H7xx_HAL_Driver/Src/stm32h7xx_hal_dsi.c:2330:19:HAL_DSI_SetLanePinsConfiguration	24	static
D:/STM32WorkSpace/STM32H747_Mastering/Drivers/STM32H7xx_HAL_Driver/Src/stm32h7xx_hal_dsi.c:2417:19:HAL_DSI_SetPHYTimings	24	static
D:/STM32WorkSpace/STM32H747_Mastering/Drivers/STM32H7xx_HAL_Driver/Src/stm32h7xx_hal_dsi.c:2564:19:HAL_DSI_ForceTXStopMode	24	static
D:/STM32WorkSpace/STM32H747_Mastering/Drivers/STM32H7xx_HAL_Driver/Src/stm32h7xx_hal_dsi.c:2606:19:HAL_DSI_ForceRXLowPower	16	static
D:/STM32WorkSpace/STM32H747_Mastering/Drivers/STM32H7xx_HAL_Driver/Src/stm32h7xx_hal_dsi.c:2631:19:HAL_DSI_ForceDataLanesInRX	16	static
D:/STM32WorkSpace/STM32H747_Mastering/Drivers/STM32H7xx_HAL_Driver/Src/stm32h7xx_hal_dsi.c:2656:19:HAL_DSI_SetPullDown	16	static
D:/STM32WorkSpace/STM32H747_Mastering/Drivers/STM32H7xx_HAL_Driver/Src/stm32h7xx_hal_dsi.c:2681:19:HAL_DSI_SetContentionDetectionOff	16	static
D:/STM32WorkSpace/STM32H747_Mastering/Drivers/STM32H7xx_HAL_Driver/Src/stm32h7xx_hal_dsi.c:2725:22:HAL_DSI_GetState	16	static
D:/STM32WorkSpace/STM32H747_Mastering/Drivers/STM32H7xx_HAL_Driver/Src/stm32h7xx_hal_dsi.c:2736:10:HAL_DSI_GetError	16	static
